accessorie
activity
advertise
aerospace
agriculture
air
airline
airport
alarm
alternative
aluminum
apparel
apparel
appliance
application
asset
auto
automobile
automotive
banking
bank
biotechnology
brewer
broadcasting
brokerage
broker
building
cable
capital
care
carrier
casino
casualty
catalog
center
chemical
coal
commercial
commodity
communication
component
computer
conglomerates
construction
consulting
consumable
consumer
container
cruise
custody
data
defense
department
development
discontinued
distiller
distributor
diversify
drilling
drink
drug
education
effective
electric
electrical
electronic
electronics
employment
energy
engineering
entertainment
environmental
equipment
estate
exploration
facility
farm
fertilizer
finance
financial
fish
food
foods
footwear
forest
freight
fuel
furnishing
gaming
gas
gases
general
glass
gold
hardware
health
heavy
highway
holding
home
homebuilding
homefurnishing
hotel
household
housewares
human
hypermarket
improvement
independent
industrial
instrument
insurance
integrate
internet
investment
leisure
life
line
logistic
luxury
machinery
management
manufacturing
march
marine
marketing
market
meat
meats
merchandise
metal
mineral
mining
mortgage
motorcycle
movie
multi-line
multi-sector
multi-utilities
networking
office
oil
operating
other
outsource
packaged
packaging
paper
part
peripherals
personal
pharmaceutical
photographic
ports
poultry
power
precious
printing
processing
professional
property
publishing
railroad
railtracks
real
refining
regional
reinsurance
research
residential
resort
resource
restaurant
retail
rubber
satellite
science
security
semiconductor
semiconductors
soft
software
specialize
specialty
steel
storage
store
super
supply
support
system
technology
telecommunication
textiles
thrift
tire
tobacco
tool
trader
trading
transportation
trucking
truck
trust
utility
vintner
water
wireless